echo 'hi world 1' > t/50-job_array_testing.t.tmp/target1
echo 'hi world 2' > t/50-job_array_testing.t.tmp/target2