t/50-job_array_testing.t.tmp/prereq1
t/50-job_array_testing.t.tmp/prereq2 t/50-job_array_testing.t.tmp/prereq3