t/50-job_array.dir/prereq1
t/50-job_array.dir/prereq2 t/50-job_array.dir/prereq3
