t/50-job_array.dir/target1
t/50-job_array.dir/target2
