t/50-job_array.t.tmp/target1
t/50-job_array.t.tmp/target2
