t/50-job_array.t.tmp/prereq1
t/50-job_array.t.tmp/prereq2 t/50-job_array.t.tmp/prereq3
