t/50-job_array_testing.t.tmp/target1
t/50-job_array_testing.t.tmp/target2